
Warning: Telnet is not a secure protocol, and it is recommended to use Stelnet.
BKB_CHAN

Login authentication


Username:jocabot
Password:
Info: The max number of VTY users is 10, and the number
      of current VTY users on line is 1.
      The current login time is 2026-05-15 10:21:11-03:00.
Info: Lastest accessed IP: 177.23.168.26  Time: 2026-05-15 10:15:56-03:00  Password will expire in: -

Info: Smart-upgrade is currently disabled. Enable Smart-upgrade to get recommended version information.
<BKB_CHAN>screen-length 0 temporary
Info: The configuration takes effect on the current user terminal interface only.
<BKB_CHAN>display interface 40GE 0/0/1 | include Description
Description:DST_BKB_PDLH_100GE0/0/3
<BKB_CHAN>display transceiver diagnosis interface 40GE 0/0/1 | begin Rx

Port 40GE0/0/1 transceiver diagnostic information:
--------------------------------------------------------------------------------------
Item                   Value   HighAlarm    HighWarn    LowAlarm     LowWarn    Status
--------------------------------------------------------------------------------------
RxPower lane0(dBm)     -9.19       -4.00       -6.00      -25.09      -24.09    Normal
RxPower lane1(dBm)     -8.59       -4.00       -6.00      -25.09      -24.09    Normal
RxPower lane2(dBm)     -7.80       -4.00       -6.00      -25.09      -24.09    Normal
RxPower lane3(dBm)     -6.77       -4.00       -6.00      -25.09      -24.09    Normal
Current lane0(mA)      29.97      110.00      100.00        5.00       10.00    Normal
Current lane1(mA)      30.25      110.00      100.00        5.00       10.00    Normal
Current lane2(mA)      29.81      110.00      100.00        5.00       10.00    Normal
Current lane3(mA)      30.06      110.00      100.00        5.00       10.00    Normal
Temperature(C)         49.88       80.00       75.00      -10.00       -5.00    Normal
Voltage(V)              3.31        3.80        3.70        2.70        2.80    Normal
LaserTemp(C)               -           -           -           -           -    -
TecCurrent(mA)             -           -           -           -           -    -
MediaSNR(dB)               -           -           -           -           -    -
--------------------------------------------------------------------------------------

Versatile Diagnostics Monitoring:
---------------------------------------------------------------------
Item          Minimum     Maximum     Average     Current PriorPeriod
---------------------------------------------------------------------
Ber                 -           -           -           -           -
Fer                 -           -           -           -           -
---------------------------------------------------------------------
<BKB_CHAN>quit
Info: The max number of VTY users is 10, and the number
      of current VTY users on line is 0.